Copyright 1986-2019 Xilinx, Inc. All Rights Reserved.
--------------------------------------------------------------------------------------
| Tool Version : Vivado v.2019.2 (win64) Build 2708876 Wed Nov  6 21:40:23 MST 2019
| Date         : Tue Dec  3 23:45:54 2019
| Host         : DESKTOP-RQQ2FB3 running 64-bit major release  (build 9200)
| Command      : report_control_sets -verbose -file top_level_control_sets_placed.rpt
| Design       : top_level
| Device       : xc7a100t
--------------------------------------------------------------------------------------

Control Set Information

Table of Contents
-----------------
1. Summary
2. Histogram
3. Flip-Flop Distribution
4. Detailed Control Set Information

1. Summary
----------

+----------------------------------------------------------+-------+
|                          Status                          | Count |
+----------------------------------------------------------+-------+
| Total control sets                                       |    28 |
|    Minimum number of control sets                        |    28 |
|    Addition due to synthesis replication                 |     0 |
|    Addition due to physical synthesis replication        |     0 |
| Unused register locations in slices containing registers |    97 |
+----------------------------------------------------------+-------+
* Control sets can be merged at opt_design using control_set_merge or merge_equivalent_drivers
** Run report_qor_suggestions for automated merging and remapping suggestions


2. Histogram
------------

+--------------------+-------+
|       Fanout       | Count |
+--------------------+-------+
| Total control sets |    28 |
| >= 0 to < 4        |     2 |
| >= 4 to < 6        |     4 |
| >= 6 to < 8        |     4 |
| >= 8 to < 10       |     6 |
| >= 10 to < 12      |     4 |
| >= 12 to < 14      |     3 |
| >= 14 to < 16      |     1 |
| >= 16              |     4 |
+--------------------+-------+
* Control sets can be remapped at either synth_design or opt_design


3. Flip-Flop Distribution
-------------------------

+--------------+-----------------------+------------------------+-----------------+--------------+
| Clock Enable | Synchronous Set/Reset | Asynchronous Set/Reset | Total Registers | Total Slices |
+--------------+-----------------------+------------------------+-----------------+--------------+
| No           | No                    | No                     |             146 |           67 |
| No           | No                    | Yes                    |              59 |           19 |
| No           | Yes                   | No                     |             102 |           37 |
| Yes          | No                    | No                     |              73 |           27 |
| Yes          | No                    | Yes                    |              22 |            4 |
| Yes          | Yes                   | No                     |              37 |           11 |
+--------------+-----------------------+------------------------+-----------------+--------------+


4. Detailed Control Set Information
-----------------------------------

+----------------------+---------------------------------------------------------+---------------------------------------------------------+------------------+----------------+
|     Clock Signal     |                      Enable Signal                      |                     Set/Reset Signal                    | Slice Load Count | Bel Load Count |
+----------------------+---------------------------------------------------------+---------------------------------------------------------+------------------+----------------+
|  clkdivider/clk_out1 |                                                         | display/strobe_out[0]_i_1_n_0                           |                1 |              1 |
|  clkdivider/clk_out1 | xvga1/hreset                                            | xvga1/vcount_out0                                       |                1 |              1 |
|  clkdivider/clk_out1 |                                                         | MouseCtl/Inst_Ps2Interface/clk_inter0                   |                1 |              4 |
|  clkdivider/clk_out1 |                                                         | MouseCtl/Inst_Ps2Interface/data_inter0                  |                1 |              4 |
|  clkdivider/clk_out1 |                                                         | display/p_0_in[1]                                       |                3 |              4 |
|  clkdivider/clk_out1 | MouseCtl/Inst_Ps2Interface/shift_frame                  | MouseCtl/Inst_Ps2Interface/reset_bit_count              |                1 |              4 |
|  clkdivider/clk_out1 |                                                         | display/seg_out[5]_i_1_n_0                              |                3 |              6 |
|  clkdivider/clk_out1 | MouseCtl/Inst_Ps2Interface/FSM_onehot_state_reg[0]_1    | MouseCtl/Inst_Ps2Interface/AR[0]                        |                1 |              6 |
|  clkdivider/clk_out1 | reset_n_IBUF                                            |                                                         |                5 |              7 |
|  clkdivider/clk_out1 | MouseCtl/Inst_Ps2Interface/delay_63clk_count[6]_i_2_n_0 | MouseCtl/Inst_Ps2Interface/delay_63clk_count[6]_i_1_n_0 |                2 |              7 |
|  clkdivider/clk_out1 | MouseCtl/tx_data[7]_i_1_n_0                             |                                                         |                2 |              8 |
|  clkdivider/clk_out1 | MouseCtl/Inst_Ps2Interface/load_rx_data                 |                                                         |                1 |              8 |
|  clkdivider/clk_out1 | MouseCtl/Inst_Ps2Interface/E[0]                         | MouseCtl/Inst_Ps2Interface/AR[0]                        |                1 |              8 |
|  clkdivider/clk_out1 | MouseCtl/Inst_Ps2Interface/FSM_onehot_state_reg[0]_0[0] | MouseCtl/Inst_Ps2Interface/AR[0]                        |                2 |              8 |
|  clkdivider/clk_out1 | MouseCtl/E[0]                                           |                                                         |                4 |              8 |
|  clkdivider/clk_out1 | xvga1/hreset                                            |                                                         |                3 |              9 |
|  clkdivider/clk_out1 | MouseCtl/Inst_Ps2Interface/frame[9]_i_1_n_0             |                                                         |                2 |             10 |
|  clkdivider/clk_out1 |                                                         | xvga1/hreset                                            |                6 |             11 |
|  clkdivider/clk_out1 | MouseCtl/Inst_Ps2Interface/delay_20us_count[10]_i_2_n_0 | MouseCtl/Inst_Ps2Interface/delay_20us_count[10]_i_1_n_0 |                3 |             11 |
|  clkdivider/clk_out1 | MouseCtl/x_new_reg_n_0                                  |                                                         |                5 |             11 |
|  clkdivider/clk_out1 |                                                         | xvga1/hcount_out_reg[7]_0                               |                4 |             12 |
|  clkdivider/clk_out1 |                                                         | mouse_renderer/pixel_out[11]_i_1__0_n_0                 |                3 |             12 |
|  clkdivider/clk_out1 | MouseCtl/y_new_reg_n_0                                  |                                                         |                5 |             12 |
|  clkdivider/clk_out1 | MouseCtl/Inst_Ps2Interface/delay_100us_count[0]_i_2_n_0 | MouseCtl/Inst_Ps2Interface/clear                        |                4 |             14 |
|  clkdivider/clk_out1 |                                                         | MouseCtl/reset_timeout_cnt_reg_n_0                      |                7 |             23 |
|  clkdivider/clk_out1 |                                                         | MouseCtl/reset_periodic_check_cnt__0                    |                8 |             25 |
|  clkdivider/clk_out1 |                                                         | MouseCtl/Inst_Ps2Interface/AR[0]                        |               19 |             59 |
|  clkdivider/clk_out1 |                                                         |                                                         |               67 |            170 |
+----------------------+---------------------------------------------------------+---------------------------------------------------------+------------------+----------------+


