Copyright 1986-2019 Xilinx, Inc. All Rights Reserved.
-----------------------------------------------------------------------------------------------------------------------------------------------------------------
| Tool Version : Vivado v.2019.2 (win64) Build 2708876 Wed Nov  6 21:40:23 MST 2019
| Date         : Sun Dec  8 12:33:11 2019
| Host         : DESKTOP-RQQ2FB3 running 64-bit major release  (build 9200)
| Command      : report_methodology -file top_level_methodology_drc_routed.rpt -pb top_level_methodology_drc_routed.pb -rpx top_level_methodology_drc_routed.rpx
| Design       : top_level
| Device       : xc7a100tcsg324-1
| Speed File   : -1
| Design State : Fully Routed
-----------------------------------------------------------------------------------------------------------------------------------------------------------------

Report Methodology

Table of Contents
-----------------
1. REPORT SUMMARY
2. REPORT DETAILS

1. REPORT SUMMARY
-----------------
            Netlist: netlist
          Floorplan: design_1
      Design limits: <entire design considered>
             Max violations: <unlimited>
             Violations found: 32
+-----------+----------+---------------------------+------------+
| Rule      | Severity | Description               | Violations |
+-----------+----------+---------------------------+------------+
| SYNTH-9   | Warning  | Small multiplier          | 2          |
| SYNTH-11  | Warning  | DSP output not registered | 1          |
| TIMING-20 | Warning  | Non-clocked latch         | 29         |
+-----------+----------+---------------------------+------------+

2. REPORT DETAILS
-----------------
SYNTH-9#1 Warning
Small multiplier  
Detected multiplier at minesweeper/td/hcount_temp_reg[0][10]_i_1 of size 6x6, it is implemented as LUTs due to its small size. To force the multiplier onto a DSP block, use the USE_DSP48 attribute.
Related violations: <none>

SYNTH-9#2 Warning
Small multiplier  
Detected multiplier at minesweeper/td/hcount_temp_reg[0][7]_i_1 of size 6x6, it is implemented as LUTs due to its small size. To force the multiplier onto a DSP block, use the USE_DSP48 attribute.
Related violations: <none>

SYNTH-11#1 Warning
DSP output not registered  
DSP instance minesweeper/td/image_addr is not fully pipelined on the output side. MREG/PREG are not used.
Related violations: <none>

TIMING-20#1 Warning
Non-clocked latch  
The latch minesweeper/seven_seg_data_reg[0] cannot be properly analyzed as its control pin minesweeper/seven_seg_data_reg[0]/G is not reached by a timing clock
Related violations: <none>

TIMING-20#2 Warning
Non-clocked latch  
The latch minesweeper/seven_seg_data_reg[10] cannot be properly analyzed as its control pin minesweeper/seven_seg_data_reg[10]/G is not reached by a timing clock
Related violations: <none>

TIMING-20#3 Warning
Non-clocked latch  
The latch minesweeper/seven_seg_data_reg[11] cannot be properly analyzed as its control pin minesweeper/seven_seg_data_reg[11]/G is not reached by a timing clock
Related violations: <none>

TIMING-20#4 Warning
Non-clocked latch  
The latch minesweeper/seven_seg_data_reg[12] cannot be properly analyzed as its control pin minesweeper/seven_seg_data_reg[12]/G is not reached by a timing clock
Related violations: <none>

TIMING-20#5 Warning
Non-clocked latch  
The latch minesweeper/seven_seg_data_reg[13] cannot be properly analyzed as its control pin minesweeper/seven_seg_data_reg[13]/G is not reached by a timing clock
Related violations: <none>

TIMING-20#6 Warning
Non-clocked latch  
The latch minesweeper/seven_seg_data_reg[14] cannot be properly analyzed as its control pin minesweeper/seven_seg_data_reg[14]/G is not reached by a timing clock
Related violations: <none>

TIMING-20#7 Warning
Non-clocked latch  
The latch minesweeper/seven_seg_data_reg[15] cannot be properly analyzed as its control pin minesweeper/seven_seg_data_reg[15]/G is not reached by a timing clock
Related violations: <none>

TIMING-20#8 Warning
Non-clocked latch  
The latch minesweeper/seven_seg_data_reg[16] cannot be properly analyzed as its control pin minesweeper/seven_seg_data_reg[16]/G is not reached by a timing clock
Related violations: <none>

TIMING-20#9 Warning
Non-clocked latch  
The latch minesweeper/seven_seg_data_reg[17] cannot be properly analyzed as its control pin minesweeper/seven_seg_data_reg[17]/G is not reached by a timing clock
Related violations: <none>

TIMING-20#10 Warning
Non-clocked latch  
The latch minesweeper/seven_seg_data_reg[18] cannot be properly analyzed as its control pin minesweeper/seven_seg_data_reg[18]/G is not reached by a timing clock
Related violations: <none>

TIMING-20#11 Warning
Non-clocked latch  
The latch minesweeper/seven_seg_data_reg[19] cannot be properly analyzed as its control pin minesweeper/seven_seg_data_reg[19]/G is not reached by a timing clock
Related violations: <none>

TIMING-20#12 Warning
Non-clocked latch  
The latch minesweeper/seven_seg_data_reg[1] cannot be properly analyzed as its control pin minesweeper/seven_seg_data_reg[1]/G is not reached by a timing clock
Related violations: <none>

TIMING-20#13 Warning
Non-clocked latch  
The latch minesweeper/seven_seg_data_reg[20] cannot be properly analyzed as its control pin minesweeper/seven_seg_data_reg[20]/G is not reached by a timing clock
Related violations: <none>

TIMING-20#14 Warning
Non-clocked latch  
The latch minesweeper/seven_seg_data_reg[21] cannot be properly analyzed as its control pin minesweeper/seven_seg_data_reg[21]/G is not reached by a timing clock
Related violations: <none>

TIMING-20#15 Warning
Non-clocked latch  
The latch minesweeper/seven_seg_data_reg[22] cannot be properly analyzed as its control pin minesweeper/seven_seg_data_reg[22]/G is not reached by a timing clock
Related violations: <none>

TIMING-20#16 Warning
Non-clocked latch  
The latch minesweeper/seven_seg_data_reg[23] cannot be properly analyzed as its control pin minesweeper/seven_seg_data_reg[23]/G is not reached by a timing clock
Related violations: <none>

TIMING-20#17 Warning
Non-clocked latch  
The latch minesweeper/seven_seg_data_reg[24] cannot be properly analyzed as its control pin minesweeper/seven_seg_data_reg[24]/G is not reached by a timing clock
Related violations: <none>

TIMING-20#18 Warning
Non-clocked latch  
The latch minesweeper/seven_seg_data_reg[25] cannot be properly analyzed as its control pin minesweeper/seven_seg_data_reg[25]/G is not reached by a timing clock
Related violations: <none>

TIMING-20#19 Warning
Non-clocked latch  
The latch minesweeper/seven_seg_data_reg[26] cannot be properly analyzed as its control pin minesweeper/seven_seg_data_reg[26]/G is not reached by a timing clock
Related violations: <none>

TIMING-20#20 Warning
Non-clocked latch  
The latch minesweeper/seven_seg_data_reg[27] cannot be properly analyzed as its control pin minesweeper/seven_seg_data_reg[27]/G is not reached by a timing clock
Related violations: <none>

TIMING-20#21 Warning
Non-clocked latch  
The latch minesweeper/seven_seg_data_reg[2] cannot be properly analyzed as its control pin minesweeper/seven_seg_data_reg[2]/G is not reached by a timing clock
Related violations: <none>

TIMING-20#22 Warning
Non-clocked latch  
The latch minesweeper/seven_seg_data_reg[31] cannot be properly analyzed as its control pin minesweeper/seven_seg_data_reg[31]/G is not reached by a timing clock
Related violations: <none>

TIMING-20#23 Warning
Non-clocked latch  
The latch minesweeper/seven_seg_data_reg[3] cannot be properly analyzed as its control pin minesweeper/seven_seg_data_reg[3]/G is not reached by a timing clock
Related violations: <none>

TIMING-20#24 Warning
Non-clocked latch  
The latch minesweeper/seven_seg_data_reg[4] cannot be properly analyzed as its control pin minesweeper/seven_seg_data_reg[4]/G is not reached by a timing clock
Related violations: <none>

TIMING-20#25 Warning
Non-clocked latch  
The latch minesweeper/seven_seg_data_reg[5] cannot be properly analyzed as its control pin minesweeper/seven_seg_data_reg[5]/G is not reached by a timing clock
Related violations: <none>

TIMING-20#26 Warning
Non-clocked latch  
The latch minesweeper/seven_seg_data_reg[6] cannot be properly analyzed as its control pin minesweeper/seven_seg_data_reg[6]/G is not reached by a timing clock
Related violations: <none>

TIMING-20#27 Warning
Non-clocked latch  
The latch minesweeper/seven_seg_data_reg[7] cannot be properly analyzed as its control pin minesweeper/seven_seg_data_reg[7]/G is not reached by a timing clock
Related violations: <none>

TIMING-20#28 Warning
Non-clocked latch  
The latch minesweeper/seven_seg_data_reg[8] cannot be properly analyzed as its control pin minesweeper/seven_seg_data_reg[8]/G is not reached by a timing clock
Related violations: <none>

TIMING-20#29 Warning
Non-clocked latch  
The latch minesweeper/seven_seg_data_reg[9] cannot be properly analyzed as its control pin minesweeper/seven_seg_data_reg[9]/G is not reached by a timing clock
Related violations: <none>


