Copyright 1986-2019 Xilinx, Inc. All Rights Reserved.
-------------------------------------------------------------------------------------------------------------
| Tool Version : Vivado v.2019.2 (win64) Build 2708876 Wed Nov  6 21:40:23 MST 2019
| Date         : Sat Dec  7 18:44:16 2019
| Host         : DESKTOP-RQQ2FB3 running 64-bit major release  (build 9200)
| Command      : report_utilization -file top_level_utilization_synth.rpt -pb top_level_utilization_synth.pb
| Design       : top_level
| Device       : 7a100tcsg324-1
| Design State : Synthesized
-------------------------------------------------------------------------------------------------------------

Utilization Design Information

Table of Contents
-----------------
1. Slice Logic
1.1 Summary of Registers by Type
2. Memory
3. DSP
4. IO and GT Specific
5. Clocking
6. Specific Feature
7. Primitives
8. Black Boxes
9. Instantiated Netlists

1. Slice Logic
--------------

+----------------------------+------+-------+-----------+-------+
|          Site Type         | Used | Fixed | Available | Util% |
+----------------------------+------+-------+-----------+-------+
| Slice LUTs*                | 4712 |     0 |     63400 |  7.43 |
|   LUT as Logic             | 4688 |     0 |     63400 |  7.39 |
|   LUT as Memory            |   24 |     0 |     19000 |  0.13 |
|     LUT as Distributed RAM |    0 |     0 |           |       |
|     LUT as Shift Register  |   24 |     0 |           |       |
| Slice Registers            | 1908 |     0 |    126800 |  1.50 |
|   Register as Flip Flop    | 1880 |     0 |    126800 |  1.48 |
|   Register as Latch        |   28 |     0 |    126800 |  0.02 |
| F7 Muxes                   |  190 |     0 |     31700 |  0.60 |
| F8 Muxes                   |   12 |     0 |     15850 |  0.08 |
+----------------------------+------+-------+-----------+-------+
* Warning! The Final LUT count, after physical optimizations and full implementation, is typically lower. Run opt_design after synthesis, if not already completed, for a more realistic count.


1.1 Summary of Registers by Type
--------------------------------

+-------+--------------+-------------+--------------+
| Total | Clock Enable | Synchronous | Asynchronous |
+-------+--------------+-------------+--------------+
| 0     |            _ |           - |            - |
| 0     |            _ |           - |          Set |
| 0     |            _ |           - |        Reset |
| 0     |            _ |         Set |            - |
| 0     |            _ |       Reset |            - |
| 0     |          Yes |           - |            - |
| 16    |          Yes |           - |          Set |
| 124   |          Yes |           - |        Reset |
| 12    |          Yes |         Set |            - |
| 1756  |          Yes |       Reset |            - |
+-------+--------------+-------------+--------------+


2. Memory
---------

+----------------+------+-------+-----------+-------+
|    Site Type   | Used | Fixed | Available | Util% |
+----------------+------+-------+-----------+-------+
| Block RAM Tile |    0 |     0 |       135 |  0.00 |
|   RAMB36/FIFO* |    0 |     0 |       135 |  0.00 |
|   RAMB18       |    0 |     0 |       270 |  0.00 |
+----------------+------+-------+-----------+-------+
* Note: Each Block RAM Tile only has one FIFO logic available and therefore can accommodate only one FIFO36E1 or one FIFO18E1. However, if a FIFO18E1 occupies a Block RAM Tile, that tile can still accommodate a RAMB18E1


3. DSP
------

+----------------+------+-------+-----------+-------+
|    Site Type   | Used | Fixed | Available | Util% |
+----------------+------+-------+-----------+-------+
| DSPs           |    1 |     0 |       240 |  0.42 |
|   DSP48E1 only |    1 |       |           |       |
+----------------+------+-------+-----------+-------+


4. IO and GT Specific
---------------------

+-----------------------------+------+-------+-----------+-------+
|          Site Type          | Used | Fixed | Available | Util% |
+-----------------------------+------+-------+-----------+-------+
| Bonded IOB                  |   54 |     0 |       210 | 25.71 |
| Bonded IPADs                |    0 |     0 |         2 |  0.00 |
| PHY_CONTROL                 |    0 |     0 |         6 |  0.00 |
| PHASER_REF                  |    0 |     0 |         6 |  0.00 |
| OUT_FIFO                    |    0 |     0 |        24 |  0.00 |
| IN_FIFO                     |    0 |     0 |        24 |  0.00 |
| IDELAYCTRL                  |    0 |     0 |         6 |  0.00 |
| IBUFDS                      |    0 |     0 |       202 |  0.00 |
| PHASER_OUT/PHASER_OUT_PHY   |    0 |     0 |        24 |  0.00 |
| PHASER_IN/PHASER_IN_PHY     |    0 |     0 |        24 |  0.00 |
| IDELAYE2/IDELAYE2_FINEDELAY |    0 |     0 |       300 |  0.00 |
| ILOGIC                      |    0 |     0 |       210 |  0.00 |
| OLOGIC                      |    0 |     0 |       210 |  0.00 |
+-----------------------------+------+-------+-----------+-------+


5. Clocking
-----------

+------------+------+-------+-----------+-------+
|  Site Type | Used | Fixed | Available | Util% |
+------------+------+-------+-----------+-------+
| BUFGCTRL   |    2 |     0 |        32 |  6.25 |
| BUFIO      |    0 |     0 |        24 |  0.00 |
| MMCME2_ADV |    1 |     0 |         6 | 16.67 |
| PLLE2_ADV  |    0 |     0 |         6 |  0.00 |
| BUFMRCE    |    0 |     0 |        12 |  0.00 |
| BUFHCE     |    0 |     0 |        96 |  0.00 |
| BUFR       |    0 |     0 |        24 |  0.00 |
+------------+------+-------+-----------+-------+


6. Specific Feature
-------------------

+-------------+------+-------+-----------+-------+
|  Site Type  | Used | Fixed | Available | Util% |
+-------------+------+-------+-----------+-------+
| BSCANE2     |    0 |     0 |         4 |  0.00 |
| CAPTUREE2   |    0 |     0 |         1 |  0.00 |
| DNA_PORT    |    0 |     0 |         1 |  0.00 |
| EFUSE_USR   |    0 |     0 |         1 |  0.00 |
| FRAME_ECCE2 |    0 |     0 |         1 |  0.00 |
| ICAPE2      |    0 |     0 |         2 |  0.00 |
| PCIE_2_1    |    0 |     0 |         1 |  0.00 |
| STARTUPE2   |    0 |     0 |         1 |  0.00 |
| XADC        |    0 |     0 |         1 |  0.00 |
+-------------+------+-------+-----------+-------+


7. Primitives
-------------

+------------+------+---------------------+
|  Ref Name  | Used | Functional Category |
+------------+------+---------------------+
| LUT6       | 2964 |                 LUT |
| FDRE       | 1756 |        Flop & Latch |
| LUT5       |  708 |                 LUT |
| LUT4       |  706 |                 LUT |
| LUT3       |  426 |                 LUT |
| LUT2       |  405 |                 LUT |
| MUXF7      |  190 |               MuxFx |
| CARRY4     |  153 |          CarryLogic |
| FDCE       |   96 |        Flop & Latch |
| LUT1       |   61 |                 LUT |
| OBUF       |   46 |                  IO |
| LDCE       |   28 |        Flop & Latch |
| SRL16E     |   24 |  Distributed Memory |
| FDPE       |   16 |        Flop & Latch |
| MUXF8      |   12 |               MuxFx |
| FDSE       |   12 |        Flop & Latch |
| IBUF       |    6 |                  IO |
| OBUFT      |    4 |                  IO |
| BUFG       |    2 |               Clock |
| MMCME2_ADV |    1 |               Clock |
| DSP48E1    |    1 |    Block Arithmetic |
+------------+------+---------------------+


8. Black Boxes
--------------

+-----------------------+------+
|        Ref Name       | Used |
+-----------------------+------+
| zero_rcm              |    1 |
| zero_image_rom        |    1 |
| zero_gcm              |    1 |
| zero_bcm              |    1 |
| two_rcm               |    1 |
| two_image_rom         |    1 |
| two_gcm               |    1 |
| two_bcm               |    1 |
| three_rcm             |    1 |
| three_image_rom       |    1 |
| three_gcm             |    1 |
| three_bcm             |    1 |
| six_rcm               |    1 |
| six_image_rom         |    1 |
| six_gcm               |    1 |
| six_bcm               |    1 |
| one_rcm               |    1 |
| one_image_rom         |    1 |
| one_gcm               |    1 |
| one_bcm               |    1 |
| four_rcm              |    1 |
| four_image_rom        |    1 |
| four_gcm              |    1 |
| four_bcm              |    1 |
| flag_rcm              |    1 |
| flag_image_rom        |    1 |
| flag_gcm              |    1 |
| flag_bcm              |    1 |
| five_rcm              |    1 |
| five_image_rom        |    1 |
| five_gcm              |    1 |
| five_bcm              |    1 |
| facing_down_rcm       |    1 |
| facing_down_image_rom |    1 |
| facing_down_gcm       |    1 |
| facing_down_bcm       |    1 |
| bomb_rcm              |    1 |
| bomb_image_rom        |    1 |
| bomb_gcm              |    1 |
| bomb_bcm              |    1 |
+-----------------------+------+


9. Instantiated Netlists
------------------------

+----------+------+
| Ref Name | Used |
+----------+------+


