Copyright 1986-2019 Xilinx, Inc. All Rights Reserved.
--------------------------------------------------------------------------------------
| Tool Version : Vivado v.2019.2 (win64) Build 2708876 Wed Nov  6 21:40:23 MST 2019
| Date         : Sun Dec  8 06:54:29 2019
| Host         : LAPTOP-LHCIPRAJ running 64-bit major release  (build 9200)
| Command      : report_control_sets -verbose -file top_level_control_sets_placed.rpt
| Design       : top_level
| Device       : xc7a100t
--------------------------------------------------------------------------------------

Control Set Information

Table of Contents
-----------------
1. Summary
2. Histogram
3. Flip-Flop Distribution
4. Detailed Control Set Information

1. Summary
----------

+----------------------------------------------------------+-------+
|                          Status                          | Count |
+----------------------------------------------------------+-------+
| Total control sets                                       |    71 |
|    Minimum number of control sets                        |    71 |
|    Addition due to synthesis replication                 |     0 |
|    Addition due to physical synthesis replication        |     0 |
| Unused register locations in slices containing registers |   152 |
+----------------------------------------------------------+-------+
* Control sets can be merged at opt_design using control_set_merge or merge_equivalent_drivers
** Run report_qor_suggestions for automated merging and remapping suggestions


2. Histogram
------------

+--------------------+-------+
|       Fanout       | Count |
+--------------------+-------+
| Total control sets |    71 |
| >= 0 to < 4        |     2 |
| >= 4 to < 6        |     6 |
| >= 6 to < 8        |     2 |
| >= 8 to < 10       |    35 |
| >= 10 to < 12      |     1 |
| >= 12 to < 14      |     0 |
| >= 14 to < 16      |     0 |
| >= 16              |    25 |
+--------------------+-------+
* Control sets can be remapped at either synth_design or opt_design


3. Flip-Flop Distribution
-------------------------

+--------------+-----------------------+------------------------+-----------------+--------------+
| Clock Enable | Synchronous Set/Reset | Asynchronous Set/Reset | Total Registers | Total Slices |
+--------------+-----------------------+------------------------+-----------------+--------------+
| No           | No                    | No                     |              36 |           21 |
| No           | No                    | Yes                    |               0 |            0 |
| No           | Yes                   | No                     |             271 |           85 |
| Yes          | No                    | No                     |              92 |           34 |
| Yes          | No                    | Yes                    |               0 |            0 |
| Yes          | Yes                   | No                     |             657 |          202 |
+--------------+-----------------------+------------------------+-----------------+--------------+


4. Detailed Control Set Information
-----------------------------------

+---------------------------+----------------------------------------------------------------------------------------------------+----------------------------------------------------+------------------+----------------+
|        Clock Signal       |                                            Enable Signal                                           |                  Set/Reset Signal                  | Slice Load Count | Bel Load Count |
+---------------------------+----------------------------------------------------------------------------------------------------+----------------------------------------------------+------------------+----------------+
|  clkdivider/inst/clk_out2 | sfx_manager/sd/cs10_out                                                                            |                                                    |                1 |              1 |
|  clk_100mhz_IBUF_BUFG     | db1/new_input_i_1_n_0                                                                              |                                                    |                1 |              1 |
|  clkdivider/inst/clk_out2 |                                                                                                    |                                                    |                4 |              4 |
|  clk_100mhz_IBUF_BUFG     |                                                                                                    | display/p_0_in[2]                                  |                3 |              4 |
|  clk_100mhz_IBUF_BUFG     |                                                                                                    | display/strobe_out[3]_i_1_n_0                      |                2 |              4 |
|  clkdivider/inst/clk_out2 | sfx_manager/sd/bit_counter[7]_i_1_n_0                                                              | sfx_manager/sd/bit_counter[9]_i_1_n_0              |                2 |              4 |
|  clkdivider/inst/clk_out2 | sfx_manager/sd/return_state[4]_i_1_n_0                                                             |                                                    |                4 |              5 |
|  clkdivider/inst/clk_out2 | sfx_manager/sd/state[4]_i_2_n_0                                                                    | sfx_manager/fs/SR[0]                               |                5 |              5 |
|  clkdivider/inst/clk_out2 | sfx_manager/sd/bit_counter[7]_i_1_n_0                                                              |                                                    |                2 |              6 |
|  clkdivider/inst/clk_out2 | sfx_manager/sd/data_sig[7]_i_1_n_0                                                                 |                                                    |                1 |              7 |
|  clkdivider/inst/clk_out2 | sfx_manager/sd/dout[7]_i_1_n_0                                                                     |                                                    |                3 |              8 |
|  clkdivider/inst/clk_out2 | sfx_manager/sd/recv_data[0]_i_1_n_0                                                                |                                                    |                1 |              8 |
|  clk_100mhz_IBUF_BUFG     | sfx_manager/fs/duration_samples[2][15]_i_1_n_0                                                     | sfx_manager/fs/SR[0]                               |                4 |              8 |
|  clk_100mhz_IBUF_BUFG     | sfx_manager/fs/duration_samples[1][7]_i_1_n_0                                                      | sfx_manager/fs/SR[0]                               |                2 |              8 |
|  clk_100mhz_IBUF_BUFG     | sfx_manager/fs/duration_samples[2][23]_i_1_n_0                                                     | sfx_manager/fs/SR[0]                               |                2 |              8 |
|  clk_100mhz_IBUF_BUFG     | sfx_manager/fs/duration_samples[3][15]_i_1_n_0                                                     | sfx_manager/fs/SR[0]                               |                5 |              8 |
|  clk_100mhz_IBUF_BUFG     | sfx_manager/fs/duration_samples[2][7]_i_1_n_0                                                      | sfx_manager/fs/SR[0]                               |                3 |              8 |
|  clk_100mhz_IBUF_BUFG     | sfx_manager/fs/duration_samples[3][23]_i_1_n_0                                                     | sfx_manager/fs/SR[0]                               |                2 |              8 |
|  clk_100mhz_IBUF_BUFG     | sfx_manager/fs/duration_samples[3][7]_i_1_n_0                                                      | sfx_manager/fs/SR[0]                               |                3 |              8 |
|  clk_100mhz_IBUF_BUFG     | sfx_manager/fs/duration_samples[2][31]_i_1_n_0                                                     | sfx_manager/fs/SR[0]                               |                2 |              8 |
|  clk_100mhz_IBUF_BUFG     | sfx_manager/fs/duration_samples[3][31]_i_1_n_0                                                     | sfx_manager/fs/SR[0]                               |                4 |              8 |
|  clk_100mhz_IBUF_BUFG     | sfx_manager/fs/start_offset[2][7]_i_1_n_0                                                          | sfx_manager/fs/SR[0]                               |                4 |              8 |
|  clk_100mhz_IBUF_BUFG     | sfx_manager/fs/start_offset[3][23]_i_1_n_0                                                         | sfx_manager/fs/SR[0]                               |                3 |              8 |
|  clk_100mhz_IBUF_BUFG     | sfx_manager/fs/start_offset[3][7]_i_1_n_0                                                          | sfx_manager/fs/SR[0]                               |                3 |              8 |
|  clk_100mhz_IBUF_BUFG     | sfx_manager/fs/start_offset[3][15]_i_1_n_0                                                         | sfx_manager/fs/SR[0]                               |                3 |              8 |
|  clk_100mhz_IBUF_BUFG     | sfx_manager/fs/start_offset[1][23]_i_1_n_0                                                         | sfx_manager/fs/SR[0]                               |                2 |              8 |
|  clk_100mhz_IBUF_BUFG     | sfx_manager/fs/start_offset[3][31]_i_1_n_0                                                         | sfx_manager/fs/SR[0]                               |                3 |              8 |
|  clk_100mhz_IBUF_BUFG     | sfx_manager/fs/start_offset[2][15]_i_1_n_0                                                         | sfx_manager/fs/SR[0]                               |                2 |              8 |
|  clk_100mhz_IBUF_BUFG     | sfx_manager/fs/duration_samples[31]                                                                | sfx_manager/fs/SR[0]                               |                2 |              8 |
|  clk_100mhz_IBUF_BUFG     | sfx_manager/fs/start_offset[1][7]_i_1_n_0                                                          | sfx_manager/fs/SR[0]                               |                3 |              8 |
|  clk_100mhz_IBUF_BUFG     | sfx_manager/fs/start_offset[1][15]_i_1_n_0                                                         | sfx_manager/fs/SR[0]                               |                3 |              8 |
|  clk_100mhz_IBUF_BUFG     | sfx_manager/fs/start_offset[2][31]_i_1_n_0                                                         | sfx_manager/fs/SR[0]                               |                3 |              8 |
|  clk_100mhz_IBUF_BUFG     | sfx_manager/fs/start_offset[1][31]_i_1_n_0                                                         | sfx_manager/fs/SR[0]                               |                3 |              8 |
|  clk_100mhz_IBUF_BUFG     | sfx_manager/fs/start_offset[2][23]_i_1_n_0                                                         | sfx_manager/fs/SR[0]                               |                2 |              8 |
|  clk_100mhz_IBUF_BUFG     | sfx_manager/fs/duration_samples[15]                                                                | sfx_manager/fs/SR[0]                               |                4 |              8 |
|  clk_100mhz_IBUF_BUFG     | sfx_manager/fs/duration_samples[1][23]_i_1_n_0                                                     | sfx_manager/fs/SR[0]                               |                4 |              8 |
|  clk_100mhz_IBUF_BUFG     | sfx_manager/fs/duration_samples[7]                                                                 | sfx_manager/fs/SR[0]                               |                2 |              8 |
|  clk_100mhz_IBUF_BUFG     | sfx_manager/fs/duration_samples[23]                                                                | sfx_manager/fs/SR[0]                               |                2 |              8 |
|  clk_100mhz_IBUF_BUFG     | sfx_manager/fs/start_offset[31]                                                                    | sfx_manager/fs/SR[0]                               |                4 |              8 |
|  clk_100mhz_IBUF_BUFG     | sfx_manager/fs/start_offset[7]                                                                     | sfx_manager/fs/SR[0]                               |                2 |              8 |
|  clk_100mhz_IBUF_BUFG     | sfx_manager/fs/start_offset[23]                                                                    | sfx_manager/fs/SR[0]                               |                1 |              8 |
|  clk_100mhz_IBUF_BUFG     | sfx_manager/fs/start_offset[15]                                                                    | sfx_manager/fs/SR[0]                               |                3 |              8 |
|  clk_100mhz_IBUF_BUFG     | sfx_manager/fs/duration_samples[1][15]_i_1_n_0                                                     | sfx_manager/fs/SR[0]                               |                3 |              8 |
|  clk_100mhz_IBUF_BUFG     | sfx_manager/fs/duration_samples[1][31]_i_1_n_0                                                     | sfx_manager/fs/SR[0]                               |                3 |              8 |
|  clkdivider/inst/clk_out2 | sfx_manager/sd/cmd_out[47]_i_1_n_0                                                                 | sfx_manager/sd/cmd_out[55]_i_1_n_0                 |                2 |              9 |
|  clkdivider/inst/clk_out2 | sfx_manager/sd/byte_counter[9]_i_1_n_0                                                             |                                                    |                4 |             10 |
|  clk_100mhz_IBUF_BUFG     |                                                                                                    | sfx_manager/sfx0/srst0                             |                6 |             20 |
|  clk_100mhz_IBUF_BUFG     |                                                                                                    | sfx_manager/sfx1/srst0                             |                6 |             20 |
|  clk_100mhz_IBUF_BUFG     |                                                                                                    | sfx_manager/sfx2/srst0                             |                7 |             20 |
|  clk_100mhz_IBUF_BUFG     |                                                                                                    | sfx_manager/sfx3/srst0                             |                7 |             20 |
|  clk_100mhz_IBUF_BUFG     | db1/count                                                                                          | db1/new_input_i_1_n_0                              |                5 |             20 |
|  clk_100mhz_IBUF_BUFG     |                                                                                                    | sfx_manager/sfx0/data_request_offset[0]_i_1__1_n_0 |                7 |             26 |
|  clk_100mhz_IBUF_BUFG     |                                                                                                    | sfx_manager/sfx1/data_request_offset[0]_i_1_n_0    |                7 |             26 |
|  clk_100mhz_IBUF_BUFG     |                                                                                                    | sfx_manager/sfx2/data_request_offset[0]_i_1__0_n_0 |                7 |             26 |
|  clk_100mhz_IBUF_BUFG     |                                                                                                    | sfx_manager/sfx3/data_request_offset[0]_i_1__2_n_0 |                7 |             26 |
|  clk_100mhz_IBUF_BUFG     | sfx_manager/sfx3/fifo/U0/inst_fifo_gen/gconvfifo.rf/grf.rf/gntv_or_sync_fifo.gl0.rd/grss.rsts/E[0] | sfx_manager/sfx3/srst0                             |                8 |             26 |
|  clk_100mhz_IBUF_BUFG     | sfx_manager/sfx3/fifo/U0/inst_fifo_gen/gconvfifo.rf/grf.rf/gntv_or_sync_fifo.gl0.wr/gwss.wsts/E[0] | sfx_manager/sfx3/srst0                             |                7 |             26 |
|  clk_100mhz_IBUF_BUFG     | sfx_manager/sfx0/fifo/U0/inst_fifo_gen/gconvfifo.rf/grf.rf/gntv_or_sync_fifo.gl0.wr/gwss.wsts/E[0] | sfx_manager/sfx0/srst0                             |                7 |             26 |
|  clk_100mhz_IBUF_BUFG     | sfx_manager/sfx1/fifo/U0/inst_fifo_gen/gconvfifo.rf/grf.rf/gntv_or_sync_fifo.gl0.rd/grss.rsts/E[0] | sfx_manager/sfx1/srst0                             |                7 |             26 |
|  clk_100mhz_IBUF_BUFG     | sfx_manager/sfx1/fifo/U0/inst_fifo_gen/gconvfifo.rf/grf.rf/gntv_or_sync_fifo.gl0.wr/gwss.wsts/E[0] | sfx_manager/sfx1/srst0                             |                8 |             26 |
|  clk_100mhz_IBUF_BUFG     | sfx_manager/sfx0/fifo/U0/inst_fifo_gen/gconvfifo.rf/grf.rf/gntv_or_sync_fifo.gl0.rd/grss.rsts/E[0] | sfx_manager/sfx0/srst0                             |                7 |             26 |
|  clk_100mhz_IBUF_BUFG     | sfx_manager/sfx2/fifo/U0/inst_fifo_gen/gconvfifo.rf/grf.rf/gntv_or_sync_fifo.gl0.wr/gwss.wsts/E[0] | sfx_manager/sfx2/srst0                             |                5 |             26 |
|  clk_100mhz_IBUF_BUFG     | sfx_manager/sfx2/fifo/U0/inst_fifo_gen/gconvfifo.rf/grf.rf/gntv_or_sync_fifo.gl0.rd/grss.rsts/E[0] | sfx_manager/sfx2/srst0                             |                9 |             26 |
|  clkdivider/inst/clk_out2 | sfx_manager/sd/boot_counter[0]_i_1_n_0                                                             | sfx_manager/fs/SR[0]                               |                7 |             27 |
|  clk_100mhz_IBUF_BUFG     |                                                                                                    |                                                    |               17 |             32 |
|  clk_100mhz_IBUF_BUFG     | sfx_manager/sfx1/sample_counter0                                                                   | sfx_manager/sfx1/sample_counter[0]_i_1__0_n_0      |                8 |             32 |
|  clk_100mhz_IBUF_BUFG     | sfx_manager/sfx2/sample_counter0                                                                   | sfx_manager/sfx2/sample_counter[0]_i_1__1_n_0      |                8 |             32 |
|  clk_100mhz_IBUF_BUFG     | sfx_manager/sfx3/sample_counter0                                                                   | sfx_manager/sfx3/sample_counter[0]_i_1__2_n_0      |                8 |             32 |
|  clk_100mhz_IBUF_BUFG     | sfx_manager/sfx0/sample_counter0                                                                   | sfx_manager/sfx0/sample_counter[0]_i_1_n_0         |                8 |             32 |
|  clkdivider/inst/clk_out2 | sfx_manager/sd/cmd_out[47]_i_1_n_0                                                                 |                                                    |               17 |             46 |
|  clk_100mhz_IBUF_BUFG     |                                                                                                    | sfx_manager/fs/SR[0]                               |               26 |             79 |
+---------------------------+----------------------------------------------------------------------------------------------------+----------------------------------------------------+------------------+----------------+


